// Jest Snapshot v1, https://goo.gl/fbAQLP

exports[`Calculator matches snapshot 1`] = `
<div
  data-testid="calculator"
  id="calculator"
>
  <div
    data-testid="display"
    id="result"
  >
    0
  </div>
  <button
    className=""
    data-testid="allClear"
    id="allClear"
    onClick={[Function]}
    type="button"
  >
    AC
  </button>
  <button
    className=""
    data-testid="switchSign"
    id="switchSign"
    onClick={[Function]}
    type="button"
  >
    +/-
  </button>
  <button
    className=""
    data-testid="percent"
    id="percent"
    onClick={[Function]}
    type="button"
  >
    %
  </button>
  <button
    className="operation"
    data-testid="divide"
    id="divide"
    onClick={[Function]}
    type="button"
  >
    รท
  </button>
  <button
    className=""
    data-testid="btn7"
    id="btn7"
    onClick={[Function]}
    type="button"
  >
    7
  </button>
  <button
    className=""
    data-testid="btn8"
    id="btn8"
    onClick={[Function]}
    type="button"
  >
    8
  </button>
  <button
    className=""
    data-testid="btn9"
    id="btn9"
    onClick={[Function]}
    type="button"
  >
    9
  </button>
  <button
    className="operation"
    data-testid="times"
    id="times"
    onClick={[Function]}
    type="button"
  >
    x
  </button>
  <button
    className=""
    data-testid="btn4"
    id="btn4"
    onClick={[Function]}
    type="button"
  >
    4
  </button>
  <button
    className=""
    data-testid="btn5"
    id="btn5"
    onClick={[Function]}
    type="button"
  >
    5
  </button>
  <button
    className=""
    data-testid="btn6"
    id="btn6"
    onClick={[Function]}
    type="button"
  >
    6
  </button>
  <button
    className="operation"
    data-testid="minus"
    id="minus"
    onClick={[Function]}
    type="button"
  >
    -
  </button>
  <button
    className=""
    data-testid="btn1"
    id="btn1"
    onClick={[Function]}
    type="button"
  >
    1
  </button>
  <button
    className=""
    data-testid="btn2"
    id="btn2"
    onClick={[Function]}
    type="button"
  >
    2
  </button>
  <button
    className=""
    data-testid="btn3"
    id="btn3"
    onClick={[Function]}
    type="button"
  >
    3
  </button>
  <button
    className="operation"
    data-testid="plus"
    id="plus"
    onClick={[Function]}
    type="button"
  >
    +
  </button>
  <button
    className=""
    data-testid="btn0"
    id="btn0"
    onClick={[Function]}
    type="button"
  >
    0
  </button>
  <button
    className=""
    data-testid="dot"
    id="dot"
    onClick={[Function]}
    type="button"
  >
    .
  </button>
  <button
    className="operation"
    data-testid="equals"
    id="equals"
    onClick={[Function]}
    type="button"
  >
    =
  </button>
</div>
`;
