// Jest Snapshot v1, https://goo.gl/fbAQLP

exports[`Claculator interface display matches snapshot 1`] = `
<div
  data-testid="display"
  id="result"
>
  0
</div>
`;
